
> my-app@0.1.0 test
> jest

node.exe : PASS 
src/utils/api.test.ts
At line:1 char:1
+ & "C:\Program Files\
nodejs/node.exe" 
"C:\Users\ista 
cahya\AppData\Roa ...
+ ~~~~~~~~~~~~~~~~~~~~
~~~~~~~~~~~~~~~~~~~~~~
~~~~~~~~~~~~~~~~~~~~~~
~~~~~
    + CategoryInfo    
          : NotSpeci  
  fied: (PASS src/u   
 tils/api.test.ts:    
String) [], Remot    
eException
    + FullyQualifiedE 
   rrorId : NativeCo  
  mmandError
 
PASS src/components/he
ader/ProductCard.test.
tsx
FAIL src/pages/login.t
est.tsx
  ÔùÅ Console

    console.error
      Received `true` 
for a non-boolean 
attribute `priority`.
      
      If you want to 
write it to the DOM, 
pass a string 
instead: 
priority="true" or pri
ority={value.toString(
)}.

    [0m [90m 51 
|[39m
     [90m 52 |[39m  
 it([32m"renders 
login 
form"[39m[33m,[39m 
() [33m=>[39m {
    [31m[1m>[22m[3
9m[90m 53 |[39m     
render([33m<[39m[33
mLogin[39m [33m/[39
m[33m>[39m)[33m;[3
9m
     [90m    |[39m  
         
[31m[1m^[22m[39m
     [90m 54 |[39m  
   expect(screen[33m.
[39mgetByRole([32m"h
eading"[39m[33m,[39
m { name[33m:[39m 
[35m/Welcome 
Back!/i[39m }))[33m.
[39mtoBeInTheDocument
()[33m;[39m
     [90m 55 |[39m  
   expect(screen[33m.
[39mgetByLabelText([
35m/Email Address/i[3
9m))[33m.[39mtoBeInT
heDocument()[33m;[39
m
     [90m 56 |[39m  
   expect(screen[33m.
[39mgetByLabelText([
35m/Password/i[39m))
[33m.[39mtoBeInTheDoc
ument()[33m;[39m[0m

      at 
validateProperty (node
_modules/react-dom/cjs
/react-dom-client.deve
lopment.js:3070:27)
      at 
warnUnknownProperties 
(node_modules/react-do
m/cjs/react-dom-client
.development.js:3146:9
)
      at validatePrope
rtiesInDevelopment (no
de_modules/react-dom/c
js/react-dom-client.de
velopment.js:19868:9)
      at 
setInitialProperties (
node_modules/react-dom
/cjs/react-dom-client.
development.js:20491:7
)
      at completeWork 
(node_modules/react-do
m/cjs/react-dom-client
.development.js:12662:
18)
      at 
runWithFiberInDEV (nod
e_modules/react-dom/cj
s/react-dom-client.dev
elopment.js:874:13)
      at 
completeUnitOfWork (no
de_modules/react-dom/c
js/react-dom-client.de
velopment.js:17777:19)
      at 
performUnitOfWork (nod
e_modules/react-dom/cj
s/react-dom-client.dev
elopment.js:17658:11)
      at workLoopSync 
(node_modules/react-do
m/cjs/react-dom-client
.development.js:17469:
41)
      at 
renderRootSync (node_m
odules/react-dom/cjs/r
eact-dom-client.develo
pment.js:17450:11)
      at 
performWorkOnRoot (nod
e_modules/react-dom/cj
s/react-dom-client.dev
elopment.js:16504:11)
      at performWorkOn
RootViaSchedulerTask (
node_modules/react-dom
/cjs/react-dom-client.
development.js:18957:7
)
      at 
flushActQueue (node_mo
dules/react/cjs/react.
development.js:590:34)
      at process.env.N
ODE_ENV.exports.act (n
ode_modules/react/cjs/
react.development.js:8
84:10)
      at node_modules/
@testing-library/react
/dist/act-compat.js:46
:25
      at renderRoot (n
ode_modules/@testing-l
ibrary/react/dist/pure
.js:189:26)
      at render (node_
modules/@testing-libra
ry/react/dist/pure.js:
291:10)
      at 
Object.<anonymous> (sr
c/pages/login.test.tsx
:53:11)

  ÔùÅ Login Page ÔÇ║ 
renders login form

    TestingLibraryElem
entError: Found a 
label with the text 
of: /Email Address/i, 
however no form 
control was found 
associated to that 
label. Make sure 
you're using the 
"for" attribute or 
"aria-labelledby" 
attribute correctly.

    Ignored nodes: 
comments, script, 
style
    [36m<body>[39m
      [36m<div>[39m
        [36m<div[39m
          [33mclass[
39m=[32m"bg-backgroun
d-light dark:bg-backgr
ound-dark 
font-display 
text-[#111811] 
dark:text-white 
antialiased 
overflow-hidden 
group/design-root 
min-h-[100dvh]"[39m
        [36m>[39m
          
[36m<main[39m
            [33mclass
[39m=[32m"relative 
flex flex-col h-[calc(
100vh-theme(spacing.12
))] w-full max-w-md 
mx-auto 
bg-background-light da
rk:bg-background-dark 
overflow-hidden"[39m
          [36m>[39m
            
[36m<div[39m
              [33mcla
ss[39m=[32m"absolute
 top-[-10%] 
left-[-10%] w-[50%] 
h-[30%] bg-primary/10 
rounded-full 
blur-[80px] pointer-ev
ents-none"[39m
            
[36m/>[39m
            
[36m<div[39m
              [33mcla
ss[39m=[32m"absolute
 bottom-[10%] 
right-[-5%] w-[40%] 
h-[30%] bg-primary/5 
rounded-full 
blur-[60px] pointer-ev
ents-none"[39m
            
[36m/>[39m
            
[36m<div[39m
              [33mcla
ss[39m=[32m"flex-1 
flex flex-col w-full 
overflow-y-auto 
no-scrollbar relative 
z-10 px-6"[39m
            
[36m>[39m
              
[36m<div[39m
                [33mc
lass[39m=[32m"h-12 
w-full shrink-0"[39m
              
[36m/>[39m
              
[36m<div[39m
                [33mc
lass[39m=[32m"flex 
flex-col items-center 
pt-8 pb-8"[39m
              
[36m>[39m
                
[36m<div[39m
                  [33
mclass[39m=[32m"mb-6
"[39m
                
[36m>[39m
                  
[36m<div[39m
                    [
33mclass[39m=[32m"mb
-6"[39m
                  
[36m>[39m
                    
[36m<img[39m
                      
[33malt[39m=[32m"Lo
go"[39m
                      
[33mclass[39m=[32m"
w-32 h-auto"[39m
                      
[33mheight[39m=[32m
"128"[39m
                      
[33msrc[39m=[32m"/a
ssets/logo.png"[39m
                      
[33mwidth[39m=[32m"
128"[39m
                    
[36m/>[39m
                  
[36m</div>[39m
                
[36m</div>[39m
                
[36m<h1[39m
                  [33
mclass[39m=[32m"text
-[#111811] 
dark:text-white 
tracking-tight 
text-[32px] font-bold 
leading-tight 
text-center"[39m
                
[36m>[39m
                  
[0mWelcome Back![0m
                
[36m</h1>[39m
                
[36m<p[39m
                  [33
mclass[39m=[32m"text
-[#111811]/60 
dark:text-white/60 
text-base font-normal 
leading-normal pt-2 
text-center"[39m
                
[36m>[39m
                  
[0mLet's get 
brewing.[0m
                
[36m</p>[39m
              
[36m</div>[39m
              
[36m<form[39m
                [33mc
lass[39m=[32m"w-full
 space-y-5"[39m
              
[36m>[39m
                
[36m<div[39m
                  [33
mclass[39m=[32m"p-3 
text-sm text-blue-800 
bg-blue-100 
rounded-lg 
dark:bg-blue-900/30 da
rk:text-blue-300"[39m
                
[36m>[39m
                  
[36m<p[39m
                    [
33mclass[39m=[32m"fo
nt-bold"[39m
                  
[36m>[39m
                    
[0mDemo 
Credentials:[0m
                  
[36m</p>[39m
                  
[36m<p>[39m
                    
[0mEmail: 
eve.holt@reqres.in[0m
                  
[36m</p>[39m
                  
[36m<p>[39m
                    
[0mPassword: 
cityslicka (or 
any)[0m
                  
[36m</p>[39m
                
[36m</div>[39m
                
[36m<div[39m
                  [33
mclass[39m=[32m"grou
p/input"[39m
                
[36m>[39m
                  
[36m<label[39m
                    [
33mclass[39m=[32m"bl
ock text-sm 
font-medium 
text-[#111811] 
dark:text-white mb-2 
ml-1"[39m
                  
[36m>[39m
                    
[0mEmail Address[0m
                  
[36m</label>[39m
                  
[36m<div[39m
                    [
33mclass[39m=[32m"re
lative"[39m
                  
[36m>[39m
                    
[36m<div[39m
                      
[33mclass[39m=[32m"
absolute inset-y-0 
left-0 pl-4 flex 
items-center pointer-e
vents-none"[39m
                    
[36m>[39m
                      
[36m<span[39m
                      
  [33mclass[39m=[32
m"material-symbols-out
lined text-gray-400 
dark:text-gray-500 gro
up-focus-within/input:
text-primary transitio
n-colors"[39m
                      
[36m>[39m
                      
  [0mmail[0m
                      
[36m</span>[39m
                    
[36m</div>[39m
                    
[36m<input[39m
                      
[33mclass[39m=[32m"
block w-full h-14 
pl-11 pr-4 
rounded-full border 
border-[#dbe6db] 
dark:border-white/10 
bg-white 
dark:bg-white/5 
text-[#111811] 
dark:text-white 
placeholder-gray-400 
focus:outline-none 
focus:border-primary 
focus:ring-2 
focus:ring-primary/20 
transition-all 
text-base"[39m
                      
[33mplaceholder[39m=
[32m"eve.holt@reqres.
in"[39m
                      
[33mrequired[39m=[3
2m""[39m
                      
[33mtype[39m=[32m"e
mail"[39m
                      
[33mvalue[39m=[32m"
"[39m
                    
[36m/>[39m
                  
[36m</div>[39m
                
[36m</div>[39m
                
[36m<div[39m
                  [33
mclass[39m=[32m"grou
p/input"[39m
                
[36m>[39m
                  
[36m<label[39m
                    [
33mclass[39m=[32m"bl
ock text-sm 
font-medium 
text-[#111811] 
dark:text-white mb-2 
ml-1"[39m
                  
[36m>[39m
                    
[0mPassword[0m
                  
[36m</label>[39m
                  
[36m<div[39m
                    [
33mclass[39m=[32m"re
lative"[39m
                  
[36m>[39m
                    
[36m<div[39m
                      
[33mclass[39m=[32m"
absolute inset-y-0 
left-0 pl-4 flex 
items-center pointer-e
vents-none"[39m
                    
[36m>[39m
                      
[36m<span[39m
                      
  [33mclass[39m=[32
m"material-symbols-out
lined text-gray-400 
dark:text-gray-500 gro
up-focus-within/input:
text-primary transitio
n-colors"[39m
                      
[36m>[39m
                      
  [0mlock[0m
                      
[36m</span>[39m
                    
[36m</div>[39m
                    
[36m<input[39m
                      
[33mclass[39m=[32m"
block w-full h-14 
pl-11 pr-12 
rounded-full border 
border-[#dbe6db] 
dark:border-white/10 
bg-white 
dark:bg-white/5 
text-[#111811] 
dark:text-white 
placeholder-gray-400 
focus:outline-none 
focus:border-primary 
focus:ring-2 
focus:ring-primary/20 
transition-all 
text-base"[39m
                      
[33mplaceholder[39m=
[32m"cityslicka"[39m
                      
[33mrequired[39m=[3
2m""[39m
                      
[33mtype[39m=[32m"p
assword"[39m
                      
[33mvalue[39m=[32m"
"[39m
                    
[36m/>[39m
                    
[36m<button[39m
                      
[33mclass[39m=[32m"
absolute inset-y-0 
right-0 pr-4 flex 
items-center 
text-gray-400 
hover:text-[#111811] 
dark:hover:text-white 
transition-colors 
cursor-pointer"[39m
                      
[33mtype[39m=[32m"b
utton"[39m
                    
[36m>[39m
                      
[36m<span[39m
                      
  [33mclass[39m=[32
m"material-symbols-out
lined 
text-[20px]"[39m
                      
[36m>[39m
                      
  [0mvisibility[0m
                      
[36m</span>[39m
                    
[36m</button>[39m
                  
[36m</div>[39m
                  
[36m<div[39m
                    [
33mclass[39m=[32m"fl
ex justify-end 
pt-2"[39m
                  
[36m>[39m
                    
[36m<a[39m
                      
[33mclass[39m=[32m"
text-sm font-medium 
text-[#111811]/60 
dark:text-white/60 
hover:text-primary dar
k:hover:text-primary t
ransition-colors"[39m
                      
[33mhref[39m=[32m"#
"[39m
                    
[36m>[39m
                      
[0mForgot 
Password?[0m
                    
[36m</a>[39m
                  
[36m</div>[39m
                
[36m</div>[39m
                
[36m<div[39m
                  [33
mclass[39m=[32m"pt-2
 space-y-6"[39m
                
[36m>[39m
                  
[36m<button[39m
                    [
33mclass[39m=[32m"w-
full h-14 bg-primary 
hover:brightness-105 
active:brightness-95 
text-[#102210] 
text-lg font-bold 
rounded-full 
shadow-lg 
shadow-primary/20 
transition-all 
transform 
active:scale-[0.98] 
flex items-center 
justify-center 
cursor-pointer disable
d:opacity-70"[39m
                    [
33mtype[39m=[32m"sub
mit"[39m
                  
[36m>[39m
                    
[0mLog In[0m
                  
[36m</button>[39m
                  
[36m<div[39m
                    [
33mclass[39m=[32m"fl
ex flex-col 
items-center 
gap-4"[39m
                  
[36m>[39m
                    
[36m<span[39m
                      
[33mclass[39m=[32m"
text-xs font-semibold 
text-gray-400 
uppercase 
tracking-wider"[39m
                    
[36m>[39m
                      
[0mOr login with[0m
                    
[36m</span>[39m
                    
[36m<button[39m
                      
[33mclass[39m=[32m"
w-14 h-14 
rounded-full border 
border-gray-200 
dark:border-white/10 
bg-white 
dark:bg-white/5 flex 
items-center 
justify-center 
hover:bg-gray-50 dark:
hover:bg-white/10 
transition-colors 
cursor-pointer"[39m
                      
[33mtype[39m=[32m"b
utton"[39m
                    
[36m>[39m
                      
[36m<span[39m
                      
  [33mclass[39m=[32
m"material-symbols-out
lined text-3xl 
text-[#111811] 
dark:text-white"[39m
                      
[36m>[39m
                      
  [0mface[0m
                      
[36m</span>[39m
                    
[36m</button>[39m
                  
[36m</div>[39m
                
[36m</div>[39m
                
[36m<div[39m
                  [33
mclass[39m=[32m"h-8"
[39m
                
[36m/>[39m
              
[36m</form>[39m
              
[36m<div[39m
                [33mc
lass[39m=[32m"mt-aut
o pb-8 pt-4 border-t 
border-gray-100 dark:b
order-white/5"[39m
              
[36m>[39m
                
[36m<p[39m
                  [33
mclass[39m=[32m"text
-center 
text-[#111811] 
dark:text-white 
text-base"[39m
                
[36m>[39m
                  
[0mNew to the 
team?[0m
                  
[36m<a[39m
                    [
33mclass[39m=[32m"fo
nt-bold text-primary 
hover:underline 
ml-1"[39m
                    [
33mhref[39m=[32m"/re
gister"[39m
                  
[36m>[39m
                    
[0mRegister[0m
                  
[36m</a>[39m
                
[36m</p>[39m
              
[36m</div>[39m
            
[36m</div>[39m
          
[36m</main>[39m
        
[36m</div>[39m
      [36m</div>[39m
    [36m</body>[39m

    [0m [90m 53 
|[39m     render([33
m<[39m[33mLogin[39m
 [33m/[39m[33m>[39
m)[33m;[39m
     [90m 54 |[39m  
   expect(screen[33m.
[39mgetByRole([32m"h
eading"[39m[33m,[39
m { name[33m:[39m 
[35m/Welcome 
Back!/i[39m }))[33m.
[39mtoBeInTheDocument
()[33m;[39m
    [31m[1m>[22m[3
9m[90m 55 |[39m     
expect(screen[33m.[3
9mgetByLabelText([35m
/Email Address/i[39m)
)[33m.[39mtoBeInTheD
ocument()[33m;[39m
     [90m    |[39m  
                 
[31m[1m^[22m[39m
     [90m 56 |[39m  
   expect(screen[33m.
[39mgetByLabelText([
35m/Password/i[39m))
[33m.[39mtoBeInTheDoc
ument()[33m;[39m
     [90m 57 |[39m  
 })[33m;[39m
     [90m 58 
|[39m[0m

      at Object.getEle
mentError (node_module
s/@testing-library/dom
/dist/config.js:37:19)
      at 
getAllByLabelText (nod
e_modules/@testing-lib
rary/dom/dist/queries/
label-text.js:108:40)
      at node_modules/
@testing-library/dom/d
ist/query-helpers.js:5
2:17
      at node_modules/
@testing-library/dom/d
ist/query-helpers.js:9
5:19
      at 
Object.getByLabelText 
(src/pages/login.test.
tsx:55:19)

  ÔùÅ Login Page ÔÇ║ 
allows typing in 
email and password

    TestingLibraryElem
entError: Found a 
label with the text 
of: /Email Address/i, 
however no form 
control was found 
associated to that 
label. Make sure 
you're using the 
"for" attribute or 
"aria-labelledby" 
attribute correctly.

    Ignored nodes: 
comments, script, 
style
    [36m<body>[39m
      [36m<div>[39m
        [36m<div[39m
          [33mclass[
39m=[32m"bg-backgroun
d-light dark:bg-backgr
ound-dark 
font-display 
text-[#111811] 
dark:text-white 
antialiased 
overflow-hidden 
group/design-root 
min-h-[100dvh]"[39m
        [36m>[39m
          
[36m<main[39m
            [33mclass
[39m=[32m"relative 
flex flex-col h-[calc(
100vh-theme(spacing.12
))] w-full max-w-md 
mx-auto 
bg-background-light da
rk:bg-background-dark 
overflow-hidden"[39m
          [36m>[39m
            
[36m<div[39m
              [33mcla
ss[39m=[32m"absolute
 top-[-10%] 
left-[-10%] w-[50%] 
h-[30%] bg-primary/10 
rounded-full 
blur-[80px] pointer-ev
ents-none"[39m
            
[36m/>[39m
            
[36m<div[39m
              [33mcla
ss[39m=[32m"absolute
 bottom-[10%] 
right-[-5%] w-[40%] 
h-[30%] bg-primary/5 
rounded-full 
blur-[60px] pointer-ev
ents-none"[39m
            
[36m/>[39m
            
[36m<div[39m
              [33mcla
ss[39m=[32m"flex-1 
flex flex-col w-full 
overflow-y-auto 
no-scrollbar relative 
z-10 px-6"[39m
            
[36m>[39m
              
[36m<div[39m
                [33mc
lass[39m=[32m"h-12 
w-full shrink-0"[39m
              
[36m/>[39m
              
[36m<div[39m
                [33mc
lass[39m=[32m"flex 
flex-col items-center 
pt-8 pb-8"[39m
              
[36m>[39m
                
[36m<div[39m
                  [33
mclass[39m=[32m"mb-6
"[39m
                
[36m>[39m
                  
[36m<div[39m
                    [
33mclass[39m=[32m"mb
-6"[39m
                  
[36m>[39m
                    
[36m<img[39m
                      
[33malt[39m=[32m"Lo
go"[39m
                      
[33mclass[39m=[32m"
w-32 h-auto"[39m
                      
[33mheight[39m=[32m
"128"[39m
                      
[33msrc[39m=[32m"/a
ssets/logo.png"[39m
                      
[33mwidth[39m=[32m"
128"[39m
                    
[36m/>[39m
                  
[36m</div>[39m
                
[36m</div>[39m
                
[36m<h1[39m
                  [33
mclass[39m=[32m"text
-[#111811] 
dark:text-white 
tracking-tight 
text-[32px] font-bold 
leading-tight 
text-center"[39m
                
[36m>[39m
                  
[0mWelcome Back![0m
                
[36m</h1>[39m
                
[36m<p[39m
                  [33
mclass[39m=[32m"text
-[#111811]/60 
dark:text-white/60 
text-base font-normal 
leading-normal pt-2 
text-center"[39m
                
[36m>[39m
                  
[0mLet's get 
brewing.[0m
                
[36m</p>[39m
              
[36m</div>[39m
              
[36m<form[39m
                [33mc
lass[39m=[32m"w-full
 space-y-5"[39m
              
[36m>[39m
                
[36m<div[39m
                  [33
mclass[39m=[32m"p-3 
text-sm text-blue-800 
bg-blue-100 
rounded-lg 
dark:bg-blue-900/30 da
rk:text-blue-300"[39m
                
[36m>[39m
                  
[36m<p[39m
                    [
33mclass[39m=[32m"fo
nt-bold"[39m
                  
[36m>[39m
                    
[0mDemo 
Credentials:[0m
                  
[36m</p>[39m
                  
[36m<p>[39m
                    
[0mEmail: 
eve.holt@reqres.in[0m
                  
[36m</p>[39m
                  
[36m<p>[39m
                    
[0mPassword: 
cityslicka (or 
any)[0m
                  
[36m</p>[39m
                
[36m</div>[39m
                
[36m<div[39m
                  [33
mclass[39m=[32m"grou
p/input"[39m
                
[36m>[39m
                  
[36m<label[39m
                    [
33mclass[39m=[32m"bl
ock text-sm 
font-medium 
text-[#111811] 
dark:text-white mb-2 
ml-1"[39m
                  
[36m>[39m
                    
[0mEmail Address[0m
                  
[36m</label>[39m
                  
[36m<div[39m
                    [
33mclass[39m=[32m"re
lative"[39m
                  
[36m>[39m
                    
[36m<div[39m
                      
[33mclass[39m=[32m"
absolute inset-y-0 
left-0 pl-4 flex 
items-center pointer-e
vents-none"[39m
                    
[36m>[39m
                      
[36m<span[39m
                      
  [33mclass[39m=[32
m"material-symbols-out
lined text-gray-400 
dark:text-gray-500 gro
up-focus-within/input:
text-primary transitio
n-colors"[39m
                      
[36m>[39m
                      
  [0mmail[0m
                      
[36m</span>[39m
                    
[36m</div>[39m
                    
[36m<input[39m
                      
[33mclass[39m=[32m"
block w-full h-14 
pl-11 pr-4 
rounded-full border 
border-[#dbe6db] 
dark:border-white/10 
bg-white 
dark:bg-white/5 
text-[#111811] 
dark:text-white 
placeholder-gray-400 
focus:outline-none 
focus:border-primary 
focus:ring-2 
focus:ring-primary/20 
transition-all 
text-base"[39m
                      
[33mplaceholder[39m=
[32m"eve.holt@reqres.
in"[39m
                      
[33mrequired[39m=[3
2m""[39m
                      
[33mtype[39m=[32m"e
mail"[39m
                      
[33mvalue[39m=[32m"
"[39m
                    
[36m/>[39m
                  
[36m</div>[39m
                
[36m</div>[39m
                
[36m<div[39m
                  [33
mclass[39m=[32m"grou
p/input"[39m
                
[36m>[39m
                  
[36m<label[39m
                    [
33mclass[39m=[32m"bl
ock text-sm 
font-medium 
text-[#111811] 
dark:text-white mb-2 
ml-1"[39m
                  
[36m>[39m
                    
[0mPassword[0m
                  
[36m</label>[39m
                  
[36m<div[39m
                    [
33mclass[39m=[32m"re
lative"[39m
                  
[36m>[39m
                    
[36m<div[39m
                      
[33mclass[39m=[32m"
absolute inset-y-0 
left-0 pl-4 flex 
items-center pointer-e
vents-none"[39m
                    
[36m>[39m
                      
[36m<span[39m
                      
  [33mclass[39m=[32
m"material-symbols-out
lined text-gray-400 
dark:text-gray-500 gro
up-focus-within/input:
text-primary transitio
n-colors"[39m
                      
[36m>[39m
                      
  [0mlock[0m
                      
[36m</span>[39m
                    
[36m</div>[39m
                    
[36m<input[39m
                      
[33mclass[39m=[32m"
block w-full h-14 
pl-11 pr-12 
rounded-full border 
border-[#dbe6db] 
dark:border-white/10 
bg-white 
dark:bg-white/5 
text-[#111811] 
dark:text-white 
placeholder-gray-400 
focus:outline-none 
focus:border-primary 
focus:ring-2 
focus:ring-primary/20 
transition-all 
text-base"[39m
                      
[33mplaceholder[39m=
[32m"cityslicka"[39m
                      
[33mrequired[39m=[3
2m""[39m
                      
[33mtype[39m=[32m"p
assword"[39m
                      
[33mvalue[39m=[32m"
"[39m
                    
[36m/>[39m
                    
[36m<button[39m
                      
[33mclass[39m=[32m"
absolute inset-y-0 
right-0 pr-4 flex 
items-center 
text-gray-400 
hover:text-[#111811] 
dark:hover:text-white 
transition-colors 
cursor-pointer"[39m
                      
[33mtype[39m=[32m"b
utton"[39m
                    
[36m>[39m
                      
[36m<span[39m
                      
  [33mclass[39m=[32
m"material-symbols-out
lined 
text-[20px]"[39m
                      
[36m>[39m
                      
  [0mvisibility[0m
                      
[36m</span>[39m
                    
[36m</button>[39m
                  
[36m</div>[39m
                  
[36m<div[39m
                    [
33mclass[39m=[32m"fl
ex justify-end 
pt-2"[39m
                  
[36m>[39m
                    
[36m<a[39m
                      
[33mclass[39m=[32m"
text-sm font-medium 
text-[#111811]/60 
dark:text-white/60 
hover:text-primary dar
k:hover:text-primary t
ransition-colors"[39m
                      
[33mhref[39m=[32m"#
"[39m
                    
[36m>[39m
                      
[0mForgot 
Password?[0m
                    
[36m</a>[39m
                  
[36m</div>[39m
                
[36m</div>[39m
                
[36m<div[39m
                  [33
mclass[39m=[32m"pt-2
 space-y-6"[39m
                
[36m>[39m
                  
[36m<button[39m
                    [
33mclass[39m=[32m"w-
full h-14 bg-primary 
hover:brightness-105 
active:brightness-95 
text-[#102210] 
text-lg font-bold 
rounded-full 
shadow-lg 
shadow-primary/20 
transition-all 
transform 
active:scale-[0.98] 
flex items-center 
justify-center 
cursor-pointer disable
d:opacity-70"[39m
                    [
33mtype[39m=[32m"sub
mit"[39m
                  
[36m>[39m
                    
[0mLog In[0m
                  
[36m</button>[39m
                  
[36m<div[39m
                    [
33mclass[39m=[32m"fl
ex flex-col 
items-center 
gap-4"[39m
                  
[36m>[39m
                    
[36m<span[39m
                      
[33mclass[39m=[32m"
text-xs font-semibold 
text-gray-400 
uppercase 
tracking-wider"[39m
                    
[36m>[39m
                      
[0mOr login with[0m
                    
[36m</span>[39m
                    
[36m<button[39m
                      
[33mclass[39m=[32m"
w-14 h-14 
rounded-full border 
border-gray-200 
dark:border-white/10 
bg-white 
dark:bg-white/5 flex 
items-center 
justify-center 
hover:bg-gray-50 dark:
hover:bg-white/10 
transition-colors 
cursor-pointer"[39m
                      
[33mtype[39m=[32m"b
utton"[39m
                    
[36m>[39m
                      
[36m<span[39m
                      
  [33mclass[39m=[32
m"material-symbols-out
lined text-3xl 
text-[#111811] 
dark:text-white"[39m
                      
[36m>[39m
                      
  [0mface[0m
                      
[36m</span>[39m
                    
[36m</button>[39m
                  
[36m</div>[39m
                
[36m</div>[39m
                
[36m<div[39m
                  [33
mclass[39m=[32m"h-8"
[39m
                
[36m/>[39m
              
[36m</form>[39m
              
[36m<div[39m
                [33mc
lass[39m=[32m"mt-aut
o pb-8 pt-4 border-t 
border-gray-100 dark:b
order-white/5"[39m
              
[36m>[39m
                
[36m<p[39m
                  [33
mclass[39m=[32m"text
-center 
text-[#111811] 
dark:text-white 
text-base"[39m
                
[36m>[39m
                  
[0mNew to the 
team?[0m
                  
[36m<a[39m
                    [
33mclass[39m=[32m"fo
nt-bold text-primary 
hover:underline 
ml-1"[39m
                    [
33mhref[39m=[32m"/re
gister"[39m
                  
[36m>[39m
                    
[0mRegister[0m
                  
[36m</a>[39m
                
[36m</p>[39m
              
[36m</div>[39m
            
[36m</div>[39m
          
[36m</main>[39m
        
[36m</div>[39m
      [36m</div>[39m
    [36m</body>[39m

    [0m [90m 60 
|[39m     render([33
m<[39m[33mLogin[39m
 [33m/[39m[33m>[39
m)[33m;[39m
     [90m 61 |[39m  
   
    [31m[1m>[22m[3
9m[90m 62 |[39m     
[36mconst[39m 
emailInput 
[33m=[39m screen[33
m.[39mgetByLabelText(
[35m/Email Address/i
[39m)[33m;[39m
     [90m    |[39m  
                      
       
[31m[1m^[22m[39m
     [90m 63 |[39m  
   [36mconst[39m 
passwordInput 
[33m=[39m screen[33
m.[39mgetByLabelText(
[35m/Password/i[39m)
[33m;[39m
     [90m 64 |[39m
     [90m 65 |[39m  
   fireEvent[33m.[39
mchange(emailInput[33
m,[39m { 
target[33m:[39m { 
value[33m:[39m [32m
"test@example.com"[39
m } })[33m;[39m[0m

      at Object.getEle
mentError (node_module
s/@testing-library/dom
/dist/config.js:37:19)
      at 
getAllByLabelText (nod
e_modules/@testing-lib
rary/dom/dist/queries/
label-text.js:108:40)
      at node_modules/
@testing-library/dom/d
ist/query-helpers.js:5
2:17
      at node_modules/
@testing-library/dom/d
ist/query-helpers.js:9
5:19
      at 
Object.getByLabelText 
(src/pages/login.test.
tsx:62:31)

  ÔùÅ Login Page ÔÇ║ 
submits the form and 
redirects on success

    TestingLibraryElem
entError: Found a 
label with the text 
of: /Email Address/i, 
however no form 
control was found 
associated to that 
label. Make sure 
you're using the 
"for" attribute or 
"aria-labelledby" 
attribute correctly.

    Ignored nodes: 
comments, script, 
style
    [36m<body>[39m
      [36m<div>[39m
        [36m<div[39m
          [33mclass[
39m=[32m"bg-backgroun
d-light dark:bg-backgr
ound-dark 
font-display 
text-[#111811] 
dark:text-white 
antialiased 
overflow-hidden 
group/design-root 
min-h-[100dvh]"[39m
        [36m>[39m
          
[36m<main[39m
            [33mclass
[39m=[32m"relative 
flex flex-col h-[calc(
100vh-theme(spacing.12
))] w-full max-w-md 
mx-auto 
bg-background-light da
rk:bg-background-dark 
overflow-hidden"[39m
          [36m>[39m
            
[36m<div[39m
              [33mcla
ss[39m=[32m"absolute
 top-[-10%] 
left-[-10%] w-[50%] 
h-[30%] bg-primary/10 
rounded-full 
blur-[80px] pointer-ev
ents-none"[39m
            
[36m/>[39m
            
[36m<div[39m
              [33mcla
ss[39m=[32m"absolute
 bottom-[10%] 
right-[-5%] w-[40%] 
h-[30%] bg-primary/5 
rounded-full 
blur-[60px] pointer-ev
ents-none"[39m
            
[36m/>[39m
            
[36m<div[39m
              [33mcla
ss[39m=[32m"flex-1 
flex flex-col w-full 
overflow-y-auto 
no-scrollbar relative 
z-10 px-6"[39m
            
[36m>[39m
              
[36m<div[39m
                [33mc
lass[39m=[32m"h-12 
w-full shrink-0"[39m
              
[36m/>[39m
              
[36m<div[39m
                [33mc
lass[39m=[32m"flex 
flex-col items-center 
pt-8 pb-8"[39m
              
[36m>[39m
                
[36m<div[39m
                  [33
mclass[39m=[32m"mb-6
"[39m
                
[36m>[39m
                  
[36m<div[39m
                    [
33mclass[39m=[32m"mb
-6"[39m
                  
[36m>[39m
                    
[36m<img[39m
                      
[33malt[39m=[32m"Lo
go"[39m
                      
[33mclass[39m=[32m"
w-32 h-auto"[39m
                      
[33mheight[39m=[32m
"128"[39m
                      
[33msrc[39m=[32m"/a
ssets/logo.png"[39m
                      
[33mwidth[39m=[32m"
128"[39m
                    
[36m/>[39m
                  
[36m</div>[39m
                
[36m</div>[39m
                
[36m<h1[39m
                  [33
mclass[39m=[32m"text
-[#111811] 
dark:text-white 
tracking-tight 
text-[32px] font-bold 
leading-tight 
text-center"[39m
                
[36m>[39m
                  
[0mWelcome Back![0m
                
[36m</h1>[39m
                
[36m<p[39m
                  [33
mclass[39m=[32m"text
-[#111811]/60 
dark:text-white/60 
text-base font-normal 
leading-normal pt-2 
text-center"[39m
                
[36m>[39m
                  
[0mLet's get 
brewing.[0m
                
[36m</p>[39m
              
[36m</div>[39m
              
[36m<form[39m
                [33mc
lass[39m=[32m"w-full
 space-y-5"[39m
              
[36m>[39m
                
[36m<div[39m
                  [33
mclass[39m=[32m"p-3 
text-sm text-blue-800 
bg-blue-100 
rounded-lg 
dark:bg-blue-900/30 da
rk:text-blue-300"[39m
                
[36m>[39m
                  
[36m<p[39m
                    [
33mclass[39m=[32m"fo
nt-bold"[39m
                  
[36m>[39m
                    
[0mDemo 
Credentials:[0m
                  
[36m</p>[39m
                  
[36m<p>[39m
                    
[0mEmail: 
eve.holt@reqres.in[0m
                  
[36m</p>[39m
                  
[36m<p>[39m
                    
[0mPassword: 
cityslicka (or 
any)[0m
                  
[36m</p>[39m
                
[36m</div>[39m
                
[36m<div[39m
                  [33
mclass[39m=[32m"grou
p/input"[39m
                
[36m>[39m
                  
[36m<label[39m
                    [
33mclass[39m=[32m"bl
ock text-sm 
font-medium 
text-[#111811] 
dark:text-white mb-2 
ml-1"[39m
                  
[36m>[39m
                    
[0mEmail Address[0m
                  
[36m</label>[39m
                  
[36m<div[39m
                    [
33mclass[39m=[32m"re
lative"[39m
                  
[36m>[39m
                    
[36m<div[39m
                      
[33mclass[39m=[32m"
absolute inset-y-0 
left-0 pl-4 flex 
items-center pointer-e
vents-none"[39m
                    
[36m>[39m
                      
[36m<span[39m
                      
  [33mclass[39m=[32
m"material-symbols-out
lined text-gray-400 
dark:text-gray-500 gro
up-focus-within/input:
text-primary transitio
n-colors"[39m
                      
[36m>[39m
                      
  [0mmail[0m
                      
[36m</span>[39m
                    
[36m</div>[39m
                    
[36m<input[39m
                      
[33mclass[39m=[32m"
block w-full h-14 
pl-11 pr-4 
rounded-full border 
border-[#dbe6db] 
dark:border-white/10 
bg-white 
dark:bg-white/5 
text-[#111811] 
dark:text-white 
placeholder-gray-400 
focus:outline-none 
focus:border-primary 
focus:ring-2 
focus:ring-primary/20 
transition-all 
text-base"[39m
                      
[33mplaceholder[39m=
[32m"eve.holt@reqres.
in"[39m
                      
[33mrequired[39m=[3
2m""[39m
                      
[33mtype[39m=[32m"e
mail"[39m
                      
[33mvalue[39m=[32m"
"[39m
                    
[36m/>[39m
                  
[36m</div>[39m
                
[36m</div>[39m
                
[36m<div[39m
                  [33
mclass[39m=[32m"grou
p/input"[39m
                
[36m>[39m
                  
[36m<label[39m
                    [
33mclass[39m=[32m"bl
ock text-sm 
font-medium 
text-[#111811] 
dark:text-white mb-2 
ml-1"[39m
                  
[36m>[39m
                    
[0mPassword[0m
                  
[36m</label>[39m
                  
[36m<div[39m
                    [
33mclass[39m=[32m"re
lative"[39m
                  
[36m>[39m
                    
[36m<div[39m
                      
[33mclass[39m=[32m"
absolute inset-y-0 
left-0 pl-4 flex 
items-center pointer-e
vents-none"[39m
                    
[36m>[39m
                      
[36m<span[39m
                      
  [33mclass[39m=[32
m"material-symbols-out
lined text-gray-400 
dark:text-gray-500 gro
up-focus-within/input:
text-primary transitio
n-colors"[39m
                      
[36m>[39m
                      
  [0mlock[0m
                      
[36m</span>[39m
                    
[36m</div>[39m
                    
[36m<input[39m
                      
[33mclass[39m=[32m"
block w-full h-14 
pl-11 pr-12 
rounded-full border 
border-[#dbe6db] 
dark:border-white/10 
bg-white 
dark:bg-white/5 
text-[#111811] 
dark:text-white 
placeholder-gray-400 
focus:outline-none 
focus:border-primary 
focus:ring-2 
focus:ring-primary/20 
transition-all 
text-base"[39m
                      
[33mplaceholder[39m=
[32m"cityslicka"[39m
                      
[33mrequired[39m=[3
2m""[39m
                      
[33mtype[39m=[32m"p
assword"[39m
                      
[33mvalue[39m=[32m"
"[39m
                    
[36m/>[39m
                    
[36m<button[39m
                      
[33mclass[39m=[32m"
absolute inset-y-0 
right-0 pr-4 flex 
items-center 
text-gray-400 
hover:text-[#111811] 
dark:hover:text-white 
transition-colors 
cursor-pointer"[39m
                      
[33mtype[39m=[32m"b
utton"[39m
                    
[36m>[39m
                      
[36m<span[39m
                      
  [33mclass[39m=[32
m"material-symbols-out
lined 
text-[20px]"[39m
                      
[36m>[39m
                      
  [0mvisibility[0m
                      
[36m</span>[39m
                    
[36m</button>[39m
                  
[36m</div>[39m
                  
[36m<div[39m
                    [
33mclass[39m=[32m"fl
ex justify-end 
pt-2"[39m
                  
[36m>[39m
                    
[36m<a[39m
                      
[33mclass[39m=[32m"
text-sm font-medium 
text-[#111811]/60 
dark:text-white/60 
hover:text-primary dar
k:hover:text-primary t
ransition-colors"[39m
                      
[33mhref[39m=[32m"#
"[39m
                    
[36m>[39m
                      
[0mForgot 
Password?[0m
                    
[36m</a>[39m
                  
[36m</div>[39m
                
[36m</div>[39m
                
[36m<div[39m
                  [33
mclass[39m=[32m"pt-2
 space-y-6"[39m
                
[36m>[39m
                  
[36m<button[39m
                    [
33mclass[39m=[32m"w-
full h-14 bg-primary 
hover:brightness-105 
active:brightness-95 
text-[#102210] 
text-lg font-bold 
rounded-full 
shadow-lg 
shadow-primary/20 
transition-all 
transform 
active:scale-[0.98] 
flex items-center 
justify-center 
cursor-pointer disable
d:opacity-70"[39m
                    [
33mtype[39m=[32m"sub
mit"[39m
                  
[36m>[39m
                    
[0mLog In[0m
                  
[36m</button>[39m
                  
[36m<div[39m
                    [
33mclass[39m=[32m"fl
ex flex-col 
items-center 
gap-4"[39m
                  
[36m>[39m
                    
[36m<span[39m
                      
[33mclass[39m=[32m"
text-xs font-semibold 
text-gray-400 
uppercase 
tracking-wider"[39m
                    
[36m>[39m
                      
[0mOr login with[0m
                    
[36m</span>[39m
                    
[36m<button[39m
                      
[33mclass[39m=[32m"
w-14 h-14 
rounded-full border 
border-gray-200 
dark:border-white/10 
bg-white 
dark:bg-white/5 flex 
items-center 
justify-center 
hover:bg-gray-50 dark:
hover:bg-white/10 
transition-colors 
cursor-pointer"[39m
                      
[33mtype[39m=[32m"b
utton"[39m
                    
[36m>[39m
                      
[36m<span[39m
                      
  [33mclass[39m=[32
m"material-symbols-out
lined text-3xl 
text-[#111811] 
dark:text-white"[39m
                      
[36m>[39m
                      
  [0mface[0m
                      
[36m</span>[39m
                    
[36m</button>[39m
                  
[36m</div>[39m
                
[36m</div>[39m
                
[36m<div[39m
                  [33
mclass[39m=[32m"h-8"
[39m
                
[36m/>[39m
              
[36m</form>[39m
              
[36m<div[39m
                [33mc
lass[39m=[32m"mt-aut
o pb-8 pt-4 border-t 
border-gray-100 dark:b
order-white/5"[39m
              
[36m>[39m
                
[36m<p[39m
                  [33
mclass[39m=[32m"text
-center 
text-[#111811] 
dark:text-white 
text-base"[39m
                
[36m>[39m
                  
[0mNew to the 
team?[0m
                  
[36m<a[39m
                    [
33mclass[39m=[32m"fo
nt-bold text-primary 
hover:underline 
ml-1"[39m
                    [
33mhref[39m=[32m"/re
gister"[39m
                  
[36m>[39m
                    
[0mRegister[0m
                  
[36m</a>[39m
                
[36m</p>[39m
              
[36m</div>[39m
            
[36m</div>[39m
          
[36m</main>[39m
        
[36m</div>[39m
      [36m</div>[39m
    [36m</body>[39m

    [0m [90m 78 
|[39m     
     [90m 79 |[39m  
   [90m// Fill out 
the form[39m
    [31m[1m>[22m[3
9m[90m 80 |[39m     
[36mconst[39m 
emailInput 
[33m=[39m screen[33
m.[39mgetByLabelText(
[35m/Email Address/i
[39m)[33m;[39m
     [90m    |[39m  
                      
       
[31m[1m^[22m[39m
     [90m 81 |[39m  
   [36mconst[39m 
passwordInput 
[33m=[39m screen[33
m.[39mgetByLabelText(
[35m/Password/i[39m)
[33m;[39m
     [90m 82 |[39m  
   
     [90m 83 |[39m  
   fireEvent[33m.[39
mchange(emailInput[33
m,[39m { 
target[33m:[39m { 
value[33m:[39m [32m
"eve.holt@reqres.in"[
39m } 
})[33m;[39m[0m

      at Object.getEle
mentError (node_module
s/@testing-library/dom
/dist/config.js:37:19)
      at 
getAllByLabelText (nod
e_modules/@testing-lib
rary/dom/dist/queries/
label-text.js:108:40)
      at node_modules/
@testing-library/dom/d
ist/query-helpers.js:5
2:17
      at node_modules/
@testing-library/dom/d
ist/query-helpers.js:9
5:19
      at 
Object.getByLabelText 
(src/pages/login.test.
tsx:80:31)

  ÔùÅ Login Page ÔÇ║ 
displays error on 
login failure

    Found a label 
with the text of: 
/Email Address/i, 
however no form 
control was found 
associated to that 
label. Make sure 
you're using the 
"for" attribute or 
"aria-labelledby" 
attribute correctly.

    Ignored nodes: 
comments, script, 
style
    [36m<body>[39m
      [36m<div>[39m
        [36m<div[39m
          [33mclass[
39m=[32m"bg-backgroun
d-light dark:bg-backgr
ound-dark 
font-display 
text-[#111811] 
dark:text-white 
antialiased 
overflow-hidden 
group/design-root 
min-h-[100dvh]"[39m
        [36m>[39m
          
[36m<main[39m
            [33mclass
[39m=[32m"relative 
flex flex-col h-[calc(
100vh-theme(spacing.12
))] w-full max-w-md 
mx-auto 
bg-background-light da
rk:bg-background-dark 
overflow-hidden"[39m
          [36m>[39m
            
[36m<div[39m
              [33mcla
ss[39m=[32m"absolute
 top-[-10%] 
left-[-10%] w-[50%] 
h-[30%] bg-primary/10 
rounded-full 
blur-[80px] pointer-ev
ents-none"[39m
            
[36m/>[39m
            
[36m<div[39m
              [33mcla
ss[39m=[32m"absolute
 bottom-[10%] 
right-[-5%] w-[40%] 
h-[30%] bg-primary/5 
rounded-full 
blur-[60px] pointer-ev
ents-none"[39m
            
[36m/>[39m
            
[36m<div[39m
              [33mcla
ss[39m=[32m"flex-1 
flex flex-col w-full 
overflow-y-auto 
no-scrollbar relative 
z-10 px-6"[39m
            
[36m>[39m
              
[36m<div[39m
                [33mc
lass[39m=[32m"h-12 
w-full shrink-0"[39m
              
[36m/>[39m
              
[36m<div[39m
                [33mc
lass[39m=[32m"flex 
flex-col items-center 
pt-8 pb-8"[39m
              
[36m>[39m
                
[36m<div[39m
                  [33
mclass[39m=[32m"mb-6
"[39m
                
[36m>[39m
                  
[36m<div[39m
                    [
33mclass[39m=[32m"mb
-6"[39m
                  
[36m>[39m
                    
[36m<img[39m
                      
[33malt[39m=[32m"Lo
go"[39m
                      
[33mclass[39m=[32m"
w-32 h-auto"[39m
                      
[33mheight[39m=[32m
"128"[39m
                      
[33msrc[39m=[32m"/a
ssets/logo.png"[39m
                      
[33mwidth[39m=[32m"
128"[39m
                    
[36m/>[39m
                  
[36m</div>[39m
                
[36m</div>[39m
                
[36m<h1[39m
                  [33
mclass[39m=[32m"text
-[#111811] 
dark:text-white 
tracking-tight 
text-[32px] font-bold 
leading-tight 
text-center"[39m
                
[36m>[39m
                  
[0mWelcome Back![0m
                
[36m</h1>[39m
                
[36m<p[39m
                  [33
mclass[39m=[32m"text
-[#111811]/60 
dark:text-white/60 
text-base font-normal 
leading-normal pt-2 
text-center"[39m
                
[36m>[39m
                  
[0mLet's get 
brewing.[0m
                
[36m</p>[39m
              
[36m</div>[39m
              
[36m<form[39m
                [33mc
lass[39m=[32m"w-full
 space-y-5"[39m
              
[36m>[39m
                
[36m<div[39m
                  [33
mclass[39m=[32m"p-3 
text-sm text-blue-800 
bg-blue-100 
rounded-lg 
dark:bg-blue-900/30 da
rk:text-blue-300"[39m
                
[36m>[39m
                  
[36m<p[39m
                    [
33mclass[39m=[32m"fo
nt-bold"[39m
                  
[36m>[39m
                    
[0mDemo 
Credentials:[0m
                  
[36m</p>[39m
                  
[36m<p>[39m
                    
[0mEmail: 
eve.holt@reqres.in[0m
                  
[36m</p>[39m
                  
[36m<p>[39m
                    
[0mPassword: 
cityslicka (or 
any)[0m
                  
[36m</p>[39m
                
[36m</div>[39m
                
[36m<div[39m
                  [33
mclass[39m=[32m"grou
p/input"[39m
                
[36m>[39m
                  
[36m<label[39m
                    [
33mclass[39m=[32m"bl
ock text-sm 
font-medium 
text-[#111811] 
dark:text-white mb-2 
ml-1"[39m
                  
[36m>[39m
                    
[0mEmail Address[0m
                  
[36m</label>[39m
                  
[36m<div[39m
                    [
33mclass[39m=[32m"re
lative"[39m
                  
[36m>[39m
                    
[36m<div[39m
                      
[33mclass[39m=[32m"
absolute inset-y-0 
left-0 pl-4 flex 
items-center pointer-e
vents-none"[39m
                    
[36m>[39m
                      
[36m<span[39m
                      
  [33mclass[39m=[32
m"material-symbols-out
lined text-gray-400 
dark:text-gray-500 gro
up-focus-within/input:
text-primary transitio
n-colors"[39m
                      
[36m>[39m
                      
  [0mmail[0m
                      
[36m</span>[39m
                    
[36m</div>[39m
                    
[36m<input[39m
                      
[33mclass[39m=[32m"
block w-full h-14 
pl-11 pr-4 
rounded-full border 
border-[#dbe6db] 
dark:border-white/10 
bg-white 
dark:bg-white/5 
text-[#111811] 
dark:text-white 
placeholder-gray-400 
focus:outline-none 
focus:border-primary 
focus:ring-2 
focus:ring-primary/20 
transition-all 
text-base"[39m
                      
[33mplaceholder[39m=
[32m"eve.holt@reqres.
in"[39m
                      
[33mrequired[39m=[3
2m""[39m
                      
[33mtype[39m=[32m"e
mail"[39m
                      
[33mvalue[39m=[32m"
"[39m
                    
[36m/>[39m
                  
[36m</div>[39m
                
[36m</div>[39m
                
[36m<div[39m
                  [33
mclass[39m=[32m"grou
p/input"[39m
                
[36m>[39m
                  
[36m<label[39m
                    [
33mclass[39m=[32m"bl
ock text-sm 
font-medium 
text-[#111811] 
dark:text-white mb-2 
ml-1"[39m
                  
[36m>[39m
                    
[0mPassword[0m
                  
[36m</label>[39m
                  
[36m<div[39m
                    [
33mclass[39m=[32m"re
lative"[39m
                  
[36m>[39m
                    
[36m<div[39m
                      
[33mclass[39m=[32m"
absolute inset-y-0 
left-0 pl-4 flex 
items-center pointer-e
vents-none"[39m
                    
[36m>[39m
                      
[36m<span[39m
                      
  [33mclass[39m=[32
m"material-symbols-out
lined text-gray-400 
dark:text-gray-500 gro
up-focus-within/input:
text-primary transitio
n-colors"[39m
                      
[36m>[39m
                      
  [0mlock[0m
                      
[36m</span>[39m
                    
[36m</div>[39m
                    
[36m<input[39m
                      
[33mclass[39m=[32m"
block w-full h-14 
pl-11 pr-12 
rounded-full border 
border-[#dbe6db] 
dark:border-white/10 
bg-white 
dark:bg-white/5 
text-[#111811] 
dark:text-white 
placeholder-gray-400 
focus:outline-none 
focus:border-primary 
focus:ring-2 
focus:ring-primary/20 
transition-all 
text-base"[39m
                      
[33mplaceholder[39m=
[32m"cityslicka"[39m
                      
[33mrequired[39m=[3
2m""[39m
                      
[33mtype[39m=[32m"p
assword"[39m
                      
[33mvalue[39m=[32m"
"[39m
                    
[36m/>[39m
                    
[36m<button[39m
                      
[33mclass[39m=[32m"
absolute inset-y-0 
right-0 pr-4 flex 
items-center 
text-gray-400 
hover:text-[#111811] 
dark:hover:text-white 
transition-colors 
cursor-pointer"[39m
                      
[33mtype[39m=[32m"b
utton"[39m
                    
[36m>[39m
                      
[36m<span[39m
                      
  [33mclass[39m=[32
m"material-symbols-out
lined 
text-[20px]"[39m
                      
[36m>[39m
                      
  [0mvisibility[0m
                      
[36m</span>[39m
                    
[36m</button>[39m
                  
[36m</div>[39m
                  
[36m<div[39m
                    [
33mclass[39m=[32m"fl
ex justify-end 
pt-2"[39m
                  
[36m>[39m
                    
[36m<a[39m
                      
[33mclass[39m=[32m"
text-sm font-medium 
text-[#111811]/60 
dark:text-white/60 
hover:text-primary dar
k:hover:text-primary t
ransition-colors"[39m
                      
[33mhref[39m=[32m"#
"[39m
                    
[36m>[39m
                      
[0mForgot 
Password?[0m
                    
[36m</a>[39m
                  
[36m</div>[39m
                
[36m</div>[39m
                
[36m<div[39m
                  [33
mclass[39m=[32m"pt-2
 space-y-6"[39m
                
[36m>[39m
                  
[36m<button[39m
                    [
33mclass[39m=[32m"w-
full h-14 bg-primary 
hover:brightness-105 
active:brightness-95 
text-[#102210] 
text-lg font-bold 
rounded-full 
shadow-lg 
shadow-primary/20 
transition-all 
transform 
active:scale-[0.98] 
flex items-center 
justify-center 
cursor-pointer disable
d:opacity-70"[39m
                    [
33mtype[39m=[32m"sub
mit"[39m
                  
[36m>[39m
                    
[0mLog In[0m
                  
[36m</button>[39m
                  
[36m<div[39m
                    [
33mclass[39m=[32m"fl
ex flex-col 
items-center 
gap-4"[39m
                  
[36m>[39m
                    
[36m<span[39m
                      
[33mclass[39m=[32m"
text-xs font-semibold 
text-gray-400 
uppercase 
tracking-wider"[39m
                    
[36m>[39m
                      
[0mOr login with[0m
                    
[36m</span>[39m
                    
[36m<button[39m
                      
[33mclass[39m=[32m"
w-14 h-14 
rounded-full border 
border-gray-200 
dark:border-white/10 
bg-white 
dark:bg-white/5 flex 
items-center 
justify-center 
hover:bg-gray-50 dark:
hover:bg-white/10 
transition-colors 
cursor-pointer"[39m
                      
[33mtype[39m=[32m"b
utton"[39m
                    
[36m>[39m
                      
[36m<span[39m
                      
  [33mclass[39m=[32
m"material-symbols-out
lined text-3xl 
text-[#111811] 
dark:text-white"[39m
                      
[36m>[39m
                      
  [0mface[0m
                      
[36m</span>[39m
                    
[36m</button>[39m
                  
[36m</div>[39m
                
[36m</div>[39m
                
[36m<div[39m
                  [33
mclass[39m=[32m"h-8"
[39m
                
[36m/>[39m
              
[36m</form>[39m
              
[36m<div[39m
                [33mc
lass[39m=[32m"mt-aut
o pb-8 pt-4 border-t 
border-gray-100 dark:b
order-white/5"[39m
              
[36m>[39m
                
[36m<p[39m
                  [33
mclass[39m=[32m"text
-center 
text-[#111811] 
dark:text-white 
text-base"[39m
                
[36m>[39m
                  
[0mNew to the 
team?[0m
                  
[36m<a[39m
                    [
33mclass[39m=[32m"fo
nt-bold text-primary 
hover:underline 
ml-1"[39m
                    [
33mhref[39m=[32m"/re
gister"[39m
                  
[36m>[39m
                    
[0mRegister[0m
                  
[36m</a>[39m
                
[36m</p>[39m
              
[36m</div>[39m
            
[36m</div>[39m
          
[36m</main>[39m
        
[36m</div>[39m
      [36m</div>[39m
    [36m</body>[39m

    [0m [90m 106 
|[39m     render([33
m<[39m[33mLogin[39m
 [33m/[39m[33m>[39
m)[33m;[39m
     [90m 107 |[39m 
    
    [31m[1m>[22m[3
9m[90m 108 |[39m    
 [36mawait[39m 
waitFor(() 
[33m=>[39m {
     [90m     |[39m 
                 
[31m[1m^[22m[39m
     [90m 109 |[39m 
         fireEvent[33
m.[39mchange(screen[
33m.[39mgetByLabelTex
t([35m/Email Address/
i[39m)[33m,[39m { 
target[33m:[39m { 
value[33m:[39m [32m
"fail@test.com"[39m 
} })[33m;[39m
     [90m 110 |[39m 
    })[33m;[39m
     [90m 111 |[39m 
    [0m

      at 
waitForWrapper (node_m
odules/@testing-librar
y/dom/dist/wait-for.js
:163:27)
      at 
Object.<anonymous> (sr
c/pages/login.test.tsx
:108:18)

Test Suites: 1 
failed, 2 passed, 3 
total
Tests:       4 
failed, 5 passed, 9 
total
Snapshots:   0 total
Time:        7.443 s
Ran all test suites.
